Script started on 2021-09-02 19:21:27+0000
]0;student@bchd: ~[01;32mstudent@bchd[00m:[01;34m~[00m$ 
]0;student@bchd: ~[01;32mstudent@bchd[00m:[01;34m~[00m$ 
]0;student@bchd: ~[01;32mstudent@bchd[00m:[01;34m~[00m$ 
]0;student@bchd: ~[01;32mstudent@bchd[00m:[01;34m~[00m$ 
]0;student@bchd: ~[01;32mstudent@bchd[00m:[01;34m~[00m$ cd mycode/
]0;student@bchd: ~/mycode[01;32mstudent@bchd[00m:[01;34m~/mycode[00m$ sqlite menu.db
SQLite version 2.8.17
Enter ".help" for instructions
sqlite> .tables
sqlite> CREATE A[KTABLE disset[Knt ()I)D) )I)N)T) )P)R)I)M)A)R)Y) )K)E)Y),) )N)A)M)E) )T)E)X)T) )[1P),) )P)R)I)C)E) )T)E)X)T),) )[1P)[1P)[1P)[1P)[1P)[1P)R)E)A)L)
   ...> CREATE TABLE dissent (ID INT PRIMARY KEY, NAME TEXT, PRICE REAL)[C[C[C[C[C[C[C[C.tables[K
   ...> ;
SQL error: near ".": syntax error
sqlite> ;.tablesCREATE TABLE dissent (ID INT PRIMARY KEY, NAME TEXT, PRICE REAL);
sqlite> CREATE TABLE dissent (ID INT PRIMARY KEY, NAME TEXT, PRICE REAL);[C[C[C[C[C[C[C[C;[K.tables
dissent
sqlite> sel[K[K[KSELECT * FROM dissent;
sqlite> .mode columns 
sqlite> .headersom[Kn[K[K on
sqlite> .headers onmode columns [C[C[C[C[C[C[C[CSELECT * FROM dissent;
sqlite> INSERT INTO Di[K[Kdissent()1)2)3)[1P)[1P),) )[1P)")R)a)v)i)"),)")3).)4)3)[1P3.43)[C[C[C[C[C;
SQL error: near "1": syntax error
sqlite> INSERT INTO dissent(1,"Ravi",3.43);'1,"Ravi",3.43);[C',"Ravi",3.43);
SQL error: near "3.43": syntax error
sqlite> INSERT INTO dissent('1',"Ravi",3.43);'3.43);[C[C[C[C');
SQL error: near ";": syntax error
sqlite> INSERT INTO dissent('1',"Ravi",'3.43');[2P3.43);[C[C ('1',"Ravi",3.43);[C('1',"Ravi",3.43);)('1',"Ravi",3.43);I)('1',"Ravi",3.43);D)('1',"Ravi",3.43);,)('1',"Ravi",3.43); )('1',"Ravi",3.43);N)('1',"Ravi",3.43);A)('1',"Ravi",3.43);M)('1',"Ravi",3.43);E)('1',"Ravi",3.43);,)('1',"Ravi",3.43); )('1',"Ravi",3.43);P)('1',"Ravi",3.43);R)('1',"Ravi",3.43);I)('1',"Ravi",3.43);C)('1',"Ravi",3.43);E)('1',"Ravi",3.43);[C ('1',"Ravi",3.43);v('1',"Ravi",3.43);a('1',"Ravi",3.43);l('1',"Ravi",3.43);u('1',"Ravi",3.43);e('1',"Ravi",3.43);[C[C[C[C[C[C[C[C[C[C[1P",3.43);[1P",3.43);[1P",3.43);[1P",3.43);P",3.43);r",3.43);a",3.43);m",3.43);o",3.43);d",3.43);[C[C[C'3.43);[C[C[C[C');
SQL error: near "value": syntax error
sqlite> INSERT INTO dissent (ID, NAME, PRICE) value('1',"Pramod",'3.43');[Cs('1',"Pramod",'3.43');
sqlite> INSERT INTO dissent (ID, NAME, PRICE) values('1',"Pramod",'3.43');[1P('1',"Pramod",'3.43');[C[C[C[C[C[C[C[C[C[C[C[C[C[C[C[C[C[C[C[C[C[C[C[C[C[C[C[26P('1',"Ravi",'3.43');[2P3.43);[2P1,"Ravi",3.43);[C[C[C[C[C[C[C[C[13PSELECT * FROM dissent;
ID          NAME        PRICE     
----------  ----------  ----------
1           Pramod      3.43      
sqlite> SELECT * FROM dissent;[C[C[C[C[C[C[C[CINSERT INTO dissent (ID, NAME, PRICE) values('1',"Pramod",'3.43');[1P,"Pramod",'3.43');\1,"Pramod",'3.43');[1P1,"Pramod",'3.43');[1P1,"Pramod",'3.43');[C[C[C[C[C[C[C[C[C[C[C[C[1P3.43');[C[C[C[C[C[1P);
SQL error: column ID is not unique
sqlite> INSERT INTO dissent (ID, NAME, PRICE) values(1,"Pramod",3.43);[1P,"Pramod",3.43);2,"Pramod",3.43);
sqlite> INSERT INTO dissent (ID, NAME, PRICE) values(2,"Pramod",3.43);1,"Pramod",3.43);[C[C[C[C[C[C[C[C[40PSELECT * FROM dissent;
ID          NAME        PRICE     
----------  ----------  ----------
1           Pramod      3.43      
2           Pramod      3.43      
sqlite> /tables
   ...> .
   ...> ;
SQL error: near "/": syntax error
sqlite> .tables
dissent
sqlite> .tables;[K./tablesSELECT * FROM dissent;
ID          NAME        PRICE     
----------  ----------  ----------
1           Pramod      3.43      
2           Pramod      3.43      
sqlite> exit
   ...> ;
SQL error: near "exit": syntax error
sqlite> exit;
SQL error: near "exit": syntax error
sqlite> quit
   ...> ;
SQL error: near "quit": syntax error
sqlite> [Ksqlite> ;quitexit;;[KexitSELECT * FROM dissent;[C[C[C[C[C[C[C[C.tables[K;[K./tablesSELECT * FROM dissent;[C[C[C[C[C[C[C[CINSERT INTO dissent (ID, NAME, PRICE) values(2,"Pramod",3.43);1,"Pramod",3.43);[C[C[C[C[C[C[C[C[40PSELECT * FROM dissent;[C[C[C[C[C[C[C[CINSERT INTO dissent (ID, NAME, PRICE) values('1',"Pramod",'3.43');[1P('1',"Pramod",'3.43');[C[C[C[C[C[C[C[C[C[C[C[C[C[C[C[C[C[C[C[C[C[C[C[C[C[C[C[26P('1',"Ravi",'3.43');[2P3.43);[2P1,"Ravi",3.43);[C[C[C[C[C[C[C[C[13PSELECT * FROM dissent;[C[C[C[C[C[C[C[C[11P.headers onmode columns [C[C[C[C[C[C[C[CSELECT * FROM dissent;[C[C[C[C[C[C[C[C.tables[KCREATE TABLE dissent (ID INT PRIMARY KEY, NAME TEXT, PRICE REAL);[C[C[C[C[C[C[C[C;[K.tablesCREATE TABLE dissent (ID INT PRIMARY KEY, NAME TEXT, PRICE REAL)[C[C[C[C[C[C[C[C.tables[KCREATE TABLE dissent (ID INT PRIMARY KEY, NAME TEXT, PRICE REAL)[C[C[C[C[C[C[C[C.tables[K;[KCREATE TABLE dissent (ID INT PRIMARY KEY, NAME TEXT, PRICE REAL);[C[C[C[C[C[C[C[C.tables[KSELECT * FROM dissent;[C[C[C[C[C[C[C[C[8P.mode columns [C[C[C[C[C[C[C[C[C[3Pheaders on[C[C[C[C[C[C[C[CSELECT * FROM dissent;[C[C[C[C[C[C[C[CINSERT INTO dissent(1,"Ravi",3.43);'1',"Ravi",3.43);'3.43');[2P3.43);[2P1,"Ravi",3.43);[C[C[C[C[C[C[C[C[13PSELECT * FROM dissent;[C[C[C[C[C[C[C[C[11P.headers onmode columns [C[C[C[C[C[C[C[CSELECT * FROM dissent;[C[C[C[C[C[C[C[C[8P.mode columns [C[C[C[C[C[C[C[C[C[3Pheaders on[C[C[C[C[C[C[C[CSELECT * FROM dissent;[C[C[C[C[C[C[C[CINSERT INTO dissent(1,"Ravi",3.43);'1',"Ravi",3.43);'3.43'); (ID, NAME, PRICE) value('1',"Pramod",'3.43');s('1',"Pramod",'3.43');[C[C[C[C[C[C[C[C[44PSELECT * FROM dissent;[C[C[C[C[C[C[C[CINSERT INTO dissent (ID, NAME, PRICE) values(1,"Pramod",3.43);2,"Pramod",3.43);[C[C[C[C[C[C[C[C[40PSELECT * FROM dissent;[C[C[C[C[C[C[C[C/tables[K.[K;.tablesSELECT * FROM dissent;[C[C[C[C[C[C[C[Cexit[KSELECT * FROM dissent;[C[C[C[C[C[C[C[C.tables[K;[K./tablesSELECT * FROM dissent;[C[C[C[C[C[C[C[CINSERT INTO dissent (ID, NAME, PRICE) values(2,"Pramod",3.43);1,"Pramod",3.43);[C[C[C[C[C[C[C[C[40PSELECT * FROM dissent;[C[C[C[C[C[C[C[CINSERT INTO dissent (ID, NAME, PRICE) values('1',"Pramod",'3.43');[1P('1',"Pramod",'3.43');[C[C[C[C[C[C[C[C[C[C[C[C[C[C[C[C[C[C[C[C[C[C[C[C[C[C[C[26P('1',"Ravi",'3.43'); (ID, NAME, PRICE) value('1',"Pramod",'3.43');s('1',"Pramod",'3.43');[C[C[C[C[C[C[C[C[44PSELECT * FROM dissent;[C[C[C[C[C[C[C[CINSERT INTO dissent (ID, NAME, PRICE) values(1,"Pramod",3.43);2,"Pramod",3.43);[C[C[C[C[C[C[C[C[40PSELECT * FROM dissent;[C[C[C[C[C[C[C[C/tables[K.[K;.tablesSELECT * FROM dissent;[C[C[C[C[C[C[C[Cexit[K;[Kexit;[1Pquit;[K[K;quitexit;;[KexitSELECT * FROM dissent;[C[C[C[C[C[C[C[C.tables[K;[K./tablesSELECT * FROM dissent;[C[C[C[C[C[C[C[C/tables[K.[K;.tablesSELECT * FROM dissent;[C[C[C[C[C[C[C[Cexit[K;[Kexit;[1Pquit;[K[K[Ksqlite> [Ksqlite> [Ksqlite> [Ksqlite> [Ksqlite> [Ksqlite> [Ksqlite> ;quitexit;;[KexitSELECT * FROM dissent;[C[C[C[C[C[C[C[C.tables[K;[K./tablesSELECT * FROM dissent;[C[C[C[C[C[C[C[CINSERT INTO dissent (ID, NAME, PRICE) values(2,"Pramod",3.43);1,"Pramod",3.43);[C[C[C[C[C[C[C[C[40PSELECT * FROM dissent;[C[C[C[C[C[C[C[CINSERT INTO dissent (ID, NAME, PRICE) values('1',"Pramod",'3.43');[1P('1',"Pramod",'3.43');[C[C[C[C[C[C[C[C[C[C[C[C[C[C[C[C[C[C[C[C[C[C[C[C[C[C[C[26P('1',"Ravi",'3.43');[2P3.43);[2P1,"Ravi",3.43);[C[C[C[C[C[C[C[C[13PSELECT * FROM dissent;[C[C[C[C[C[C[C[C[11P.headers onmode columns [C[C[C[C[C[C[C[CSELECT * FROM dissent;[C[C[C[C[C[C[C[C.tables[KCREATE TABLE dissent (ID INT PRIMARY KEY, NAME TEXT, PRICE REAL);[C[C[C[C[C[C[C[C;[K.tablesCREATE TABLE dissent (ID INT PRIMARY KEY, NAME TEXT, PRICE REAL)[C[C[C[C[C[C[C[C.tables[KCREATE TABLE dissent (ID INT PRIMARY KEY, NAME TEXT, PRICE REAL)[C[C[C[C[C[C[C[C.tables[K;[KCREATE TABLE dissent (ID INT PRIMARY KEY, NAME TEXT, PRICE REAL);[C[C[C[C[C[C[C[C.tables[KSELECT * FROM dissent;[C[C[C[C[C[C[C[C[8P.mode columns [C[C[C[C[C[C[C[C[C[3Pheaders on[C[C[C[C[C[C[C[CSELECT * FROM dissent;[C[C[C[C[C[C[C[CINSERT INTO dissent(1,"Ravi",3.43);'1',"Ravi",3.43);'3.43'); (ID, NAME, PRICE) value('1',"Pramod",'3.43');s('1',"Pramod",'3.43');[C[C[C[C[C[C[C[C[44PSELECT * FROM dissent;[C[C[C[C[C[C[C[CINSERT INTO dissent (ID, NAME, PRICE) values(1,"Pramod",3.43);2,"Pramod",3.43);[C[C[C[C[C[C[C[C[40PSELECT * FROM dissent;[C[C[C[C[C[C[C[C/tables[K.[K;.tablesSELECT * FROM dissent;[C[C[C[C[C[C[C[Cexit[K;[Kexit;[1Pquit;[K[K;quitexit;;[KexitSELECT * FROM dissent;[C[C[C[C[C[C[C[C.tables[K;[K./tablesSELECT * FROM dissent;[C[C[C[C[C[C[C[CINSERT INTO dissent (ID, NAME, PRICE) values(2,"Pramod",3.43);1,"Pramod",3.43);[C[C[C[C[C[C[C[C[40PSELECT * FROM dissent;[C[C[C[C[C[C[C[CINSERT INTO dissent (ID, NAME, PRICE) values('1',"Pramod",'3.43');[1P('1',"Pramod",'3.43');[C[C[C[C[C[C[C[C[C[C[C[C[C[C[C[C[C[C[C[C[C[C[C[C[C[C[C[26P('1',"Ravi",'3.43');[2P3.43);[2P1,"Ravi",3.43);[C[C[C[C[C[C[C[C[13PSELECT * FROM dissent;[C[C[C[C[C[C[C[C[11P.headers onmode columns [C[C[C[C[C[C[C[CSELECT * FROM dissent;[C[C[C[C[C[C[C[C.tables[KCREATE TABLE dissent (ID INT PRIMARY KEY, NAME TEXT, PRICE REAL);[C[C[C[C[C[C[C[C;[K[Ksqlite> ;CREATE TABLE dissent (ID INT PRIMARY KEY, NAME TEXT, PRICE REAL);[C[C[C[C[C[C[C[C.tables[KSELECT * FROM dissent;[C[C[C[C[C[C[C[C[8P.mode columns [C[C[C[C[C[C[C[C[C[3Pheaders on[Ksqlite> .headers onmode columns [C[C[C[C[C[C[C[CSELECT * FROM dissent;[C[C[C[C[C[C[C[C.tables[KCREATE TABLE dissent (ID INT PRIMARY KEY, NAME TEXT, PRICE REAL);[C[C[C[C[C[C[C[C;[K[Ksqlite> ;[K^C
sqlite> exit()
   ...> ;
SQL error: near "exit": syntax error
sqlite> end
   ...> ;
SQL error: cannot commit - no transaction is active
sqlite> end;
SQL error: cannot commit - no transaction is active
sqlite> commit;
SQL error: cannot commit - no transaction is active
sqlite> .exit
]0;student@bchd: ~/mycode[01;32mstudent@bchd[00m:[01;34m~/mycode[00m$ all

Command 'all' not found, did you mean:

  command 'alf' from deb seqan-apps
  command 'als' from deb atool
  command 'wall' from deb bsdutils
  command 'axl' from deb afnix
  command 'ali' from deb mailutils-mh
  command 'ali' from deb mmh
  command 'ali' from deb nmh
  command 'al2' from deb mono-devel
  command 'dll' from deb brickos
  command 'ale' from deb ale
  command 'alc' from deb amule-utils-gui
  command 'al' from deb mono-devel

Try: apt install <deb name>

]0;student@bchd: ~/mycode[01;32mstudent@bchd[00m:[01;34m~/mycode[00m$ ll
total 320
drwxr-xr-x 14 student student   4096 Sep  2 19:28 [0m[01;34m.[0m/
drwxr-xr-x 10 student student   4096 Sep  2 19:32 [01;34m..[0m/
drwxr-xr-x  8 student student   4096 Sep  2 15:57 [01;34m.git[0m/
-rw-r--r--  1 student student      0 Aug 31 23:29 README.md
drwxr-xr-x  2 student student   4096 Sep  1 20:42 [01;34mcmdargs[0m/
-rw-r--r--  1 student student    161 Aug 31 23:29 datacenter.json
-rw-r--r--  1 student student     32 Aug 31 23:29 ex2.txt
-rw-r--r--  1 student student    103 Aug 31 23:29 galaxyguide.json
-rw-r--r--  1 student student     89 Aug 31 23:29 galaxyguide.yaml
-rwxr-xr-x  1 student student     79 Sep  1 16:04 [01;32mgit.sh[0m*
-rw-r--r--  1 student student  12501 Aug 31 23:31 hist.txt
-rw-r--r--  1 student student      0 Sep  1 16:15 interface_reader01.py
-rw-r--r--  1 student student      0 Sep  1 16:15 interface_reader02.py
drwxr-xr-x  2 student student   4096 Aug 31 23:29 [01;34mintroapi[0m/
-rw-r--r--  1 student student    709 Aug 31 23:29 makejson01.py
-rw-r--r--  1 student student    637 Aug 31 23:29 makejson02.py
-rw-r--r--  1 student student   1050 Aug 31 23:29 makejson03.py
-rw-r--r--  1 student student    910 Aug 31 23:29 makeyaml01.py
-rw-r--r--  1 student student    734 Aug 31 23:29 makeyaml02.py
-rw-r--r--  1 student student   1523 May  5  2020 max_teardown.sh
-rw-r--r--  1 student student   4096 Sep  2 19:28 menu.db
-rw-r--r--  1 student student      0 Sep  2 17:13 merge.me
-rw-r--r--  1 student student    367 Sep  2 17:09 merge.py
-rw-r--r--  1 student student   2304 May  5  2020 mod-setup.sh
-rw-r--r--  1 student student     90 Aug 31 23:29 myYAML.yml
-rw-r--r--  1 student student     78 Aug 31 23:29 myYAML.yml.updated
drwxr-xr-x  3 student student   4096 Aug 31 23:29 [01;34mmycode3[0m/
-rwxr--r--  1 student student   3391 Aug 31 23:29 [01;32mmygame01.py[0m*
drwxr-xr-x  2 student student   4096 Sep  1 16:17 [01;34mnetfacd[0m/
drwxr-xr-x  2 student student   4096 Sep  1 15:03 [01;34mpandas[0m/
drwxr-xr-x  2 student student   4096 Sep  1 19:18 [01;34mparamikosftp[0m/
drwxr-xr-x  2 student student   4096 Sep  1 19:54 [01;34mparamikosshrsa[0m/
drwxr-xr-x  2 student student   4096 Sep  1 17:25 [01;34mpasswd[0m/
-rw-r--r--  1 student student    705 Sep  2 19:04 pingit.py
drwxr-xr-x  2 student student   4096 Aug 31 23:29 [01;34mpyfy[0m/
-rw-r--r--  1 student student    516 Aug 31 23:29 readyaml03.py
-rw-r--r--  1 student student    805 Aug 31 23:29 readyaml04.py
-rw-r--r--  1 student student   1506 Aug 31 23:29 ride_iss.py
-rw-r--r--  1 student student 119726 Aug 31 23:29 satellites_names.txt
-rw-r--r--  1 student student  12288 Sep  2 19:31 script2.txt
drwxr-xr-x  2 student student   4096 Aug 31 23:29 [01;34mspacex[0m/
-rw-r--r--  1 student student    520 Apr 24 12:11 sw-2-clean.conf
-rw-r--r--  1 student student      0 Sep  2 17:10 sw1.config
-rw-r--r--  1 student student    181 Sep  2 19:18 sw1_validate.yml
-rw-r--r--  1 student student    721 Sep  1 16:40 telnetncc1701.py
-rw-r--r--  1 student student    306 Sep  1 16:10 telnetproof01.py
-rw-r--r--  1 student student    304 Sep  1 16:20 test.py
-rw-r--r--  1 student student     10 Aug 31 23:29 test2
-rw-r--r--  1 student student      6 Aug 31 23:29 test3
drwxr-xr-x  3 student student   4096 Sep  2 19:03 [01;34musopen[0m/
-rw-r--r--  1 student student    243 Sep  2 19:07 validate_switches_01.py
]0;student@bchd: ~/mycode[01;32mstudent@bchd[00m:[01;34m~/mycode[00m$ ls -ltrh
total 312K
-rw-r--r-- 1 student student 2.3K May  5  2020 mod-setup.sh
-rw-r--r-- 1 student student 1.5K May  5  2020 max_teardown.sh
-rw-r--r-- 1 student student  520 Apr 24 12:11 sw-2-clean.conf
-rw-r--r-- 1 student student    6 Aug 31 23:29 test3
-rw-r--r-- 1 student student   10 Aug 31 23:29 test2
drwxr-xr-x 2 student student 4.0K Aug 31 23:29 [0m[01;34mspacex[0m
-rw-r--r-- 1 student student 117K Aug 31 23:29 satellites_names.txt
-rw-r--r-- 1 student student 1.5K Aug 31 23:29 ride_iss.py
-rw-r--r-- 1 student student  805 Aug 31 23:29 readyaml04.py
-rw-r--r-- 1 student student  516 Aug 31 23:29 readyaml03.py
drwxr-xr-x 2 student student 4.0K Aug 31 23:29 [01;34mpyfy[0m
-rwxr--r-- 1 student student 3.4K Aug 31 23:29 [01;32mmygame01.py[0m
drwxr-xr-x 3 student student 4.0K Aug 31 23:29 [01;34mmycode3[0m
-rw-r--r-- 1 student student   78 Aug 31 23:29 myYAML.yml.updated
-rw-r--r-- 1 student student   90 Aug 31 23:29 myYAML.yml
-rw-r--r-- 1 student student  734 Aug 31 23:29 makeyaml02.py
-rw-r--r-- 1 student student  910 Aug 31 23:29 makeyaml01.py
-rw-r--r-- 1 student student 1.1K Aug 31 23:29 makejson03.py
-rw-r--r-- 1 student student  637 Aug 31 23:29 makejson02.py
-rw-r--r-- 1 student student  709 Aug 31 23:29 makejson01.py
drwxr-xr-x 2 student student 4.0K Aug 31 23:29 [01;34mintroapi[0m
-rw-r--r-- 1 student student   89 Aug 31 23:29 galaxyguide.yaml
-rw-r--r-- 1 student student  103 Aug 31 23:29 galaxyguide.json
-rw-r--r-- 1 student student   32 Aug 31 23:29 ex2.txt
-rw-r--r-- 1 student student  161 Aug 31 23:29 datacenter.json
-rw-r--r-- 1 student student    0 Aug 31 23:29 README.md
-rw-r--r-- 1 student student  13K Aug 31 23:31 hist.txt
drwxr-xr-x 2 student student 4.0K Sep  1 15:03 [01;34mpandas[0m
-rwxr-xr-x 1 student student   79 Sep  1 16:04 [01;32mgit.sh[0m
-rw-r--r-- 1 student student  306 Sep  1 16:10 telnetproof01.py
-rw-r--r-- 1 student student    0 Sep  1 16:15 interface_reader01.py
-rw-r--r-- 1 student student    0 Sep  1 16:15 interface_reader02.py
drwxr-xr-x 2 student student 4.0K Sep  1 16:17 [01;34mnetfacd[0m
-rw-r--r-- 1 student student  304 Sep  1 16:20 test.py
-rw-r--r-- 1 student student  721 Sep  1 16:40 telnetncc1701.py
drwxr-xr-x 2 student student 4.0K Sep  1 17:25 [01;34mpasswd[0m
drwxr-xr-x 2 student student 4.0K Sep  1 19:18 [01;34mparamikosftp[0m
drwxr-xr-x 2 student student 4.0K Sep  1 19:54 [01;34mparamikosshrsa[0m
drwxr-xr-x 2 student student 4.0K Sep  1 20:42 [01;34mcmdargs[0m
-rw-r--r-- 1 student student  367 Sep  2 17:09 merge.py
-rw-r--r-- 1 student student    0 Sep  2 17:10 sw1.config
-rw-r--r-- 1 student student    0 Sep  2 17:13 merge.me
drwxr-xr-x 3 student student 4.0K Sep  2 19:03 [01;34musopen[0m
-rw-r--r-- 1 student student  705 Sep  2 19:04 pingit.py
-rw-r--r-- 1 student student  243 Sep  2 19:07 validate_switches_01.py
-rw-r--r-- 1 student student  181 Sep  2 19:18 sw1_validate.yml
-rw-r--r-- 1 student student 4.0K Sep  2 19:28 menu.db
-rw-r--r-- 1 student student  16K Sep  2 19:33 script2.txt
]0;student@bchd: ~/mycode[01;32mstudent@bchd[00m:[01;34m~/mycode[00m$ sql
sqldiff  sqlite   sqlite3  
]0;student@bchd: ~/mycode[01;32mstudent@bchd[00m:[01;34m~/mycode[00m$ sql

Command 'sql' not found, but can be installed with:

apt install parallel
Please ask your administrator.

]0;student@bchd: ~/mycode[01;32mstudent@bchd[00m:[01;34m~/mycode[00m$ 
]0;student@bchd: ~/mycode[01;32mstudent@bchd[00m:[01;34m~/mycode[00m$ 
]0;student@bchd: ~/mycode[01;32mstudent@bchd[00m:[01;34m~/mycode[00m$ 
]0;student@bchd: ~/mycode[01;32mstudent@bchd[00m:[01;34m~/mycode[00m$ 
]0;student@bchd: ~/mycode[01;32mstudent@bchd[00m:[01;34m~/mycode[00m$ 
]0;student@bchd: ~/mycode[01;32mstudent@bchd[00m:[01;34m~/mycode[00m$ mkdir /home/student/mycode/sqldb
]0;student@bchd: ~/mycode[01;32mstudent@bchd[00m:[01;34m~/mycode[00m$                                                                                   
]0;student@bchd: ~/mycode[01;32mstudent@bchd[00m:[01;34m~/mycode[00m$                                                                                   cd /home/student/mycode/sqldb
]0;student@bchd: ~/mycode/sqldb[01;32mstudent@bchd[00m:[01;34m~/mycode/sqldb[00m$ 
]0;student@bchd: ~/mycode/sqldb[01;32mstudent@bchd[00m:[01;34m~/mycode/sqldb[00m$ 
]0;student@bchd: ~/mycode/sqldb[01;32mstudent@bchd[00m:[01;34m~/mycode/sqldb[00m$ 
]0;student@bchd: ~/mycode/sqldb[01;32mstudent@bchd[00m:[01;34m~/mycode/sqldb[00m$ vim database01.py
[?2004h[?1049h[22;0;0t[?1h=[?2004h[1;44r[?12h[?12l[27m[23m[29m[m[H[2J[?25l[44;1H"database01.py" [New File][2;1H▽[6n[2;1H  [1;1H[>c]10;?]11;?[2;1H[94m~                                                                                                      [3;1H~                                                                                                      [4;1H~                                                                                                      [5;1H~                                                                                                      [6;1H~                                                                                                      [7;1H~                                                                                                      [8;1H~                                                                                                      [9;1H~                                                                                                      [10;1H~                                                                                                      [11;1H~                                                                                                      [12;1H~                                                                                                      [13;1H~                                                                                                      [14;1H~                                                                                                      [15;1H~                                                                                                      [16;1H~                                                                                                      [17;1H~                                                                                                      [18;1H~                                                                                                      [19;1H~                                                                                                      [20;1H~                                                                                                      [21;1H~                                                                                                      [22;1H~                                                                                                      [23;1H~                                                                                                      [24;1H~                                                                                                      [25;1H~                                                                                                      [26;1H~                                                                                                      [27;1H~                                                                                                      [28;1H~                                                                                                      [29;1H~                                                                                                      [30;1H~                                                                                                      [31;1H~                                                                                                      [32;1H~                                                                                                      [33;1H~                                                                                                      [34;1H~                                                                                                      [35;1H~                                                                                                      [36;1H~                                                                                                      [37;1H~                                                                                                      [38;1H~                                                                                                      [39;1H~                                                                                                      [40;1H~                                                                                                      [41;1H~                                                                                                      [42;1H~                                                                                                      [43;1H~                                                                                                      [m[44;86H0,0-1[9CAll[1;1H[?25h[?12$p[?25l[44;76Hi[1;1H[44;76H [1;1H[44;1H[1m-- INSERT --[m[44;13H[K[44;86H0,1[11CAll[1;1H[?25h[?25l[34m#!/usr/bin/python3[m[2;1H[K[3;1H[35mimport[m sqlite3[3;15H[K[4;1Hconn = sqlite3.connect([4;24H[K[4;24H[?25h[?25l[31m'test.db'[m)
[36mprint[m([31m"Opened database successfully"[m)[5;38H[K[6;1H[K[44;86H6[6;1H[?25h[44;1H[K[?25l[44;86H6,0-1[9CAll[6;1H[?25h[?25l[44;76H:[6;1H[44;76H[K[44;1H:[?2004h[?25hw[?25l[?25hq[?25l[?25h[?25l[?2004l"database01.py" [New] 6L, 108C written
[?2004l[?1l>[?25h[?1049l[23;0;0t]0;student@bchd: ~/mycode/sqldb[01;32mstudent@bchd[00m:[01;34m~/mycode/sqldb[00m$ python3 database01.py
Opened database successfully
]0;student@bchd: ~/mycode/sqldb[01;32mstudent@bchd[00m:[01;34m~/mycode/sqldb[00m$ vim database02.py
[?2004h[?1049h[22;0;0t[?1h=[?2004h[1;44r[?12h[?12l[27m[23m[29m[m[H[2J[?25l[44;1H"database02.py" [New File][2;1H▽[6n[2;1H  [1;1H[>c]10;?]11;?[2;1H[94m~                                                                                                      [3;1H~                                                                                                      [4;1H~                                                                                                      [5;1H~                                                                                                      [6;1H~                                                                                                      [7;1H~                                                                                                      [8;1H~                                                                                                      [9;1H~                                                                                                      [10;1H~                                                                                                      [11;1H~                                                                                                      [12;1H~                                                                                                      [13;1H~                                                                                                      [14;1H~                                                                                                      [15;1H~                                                                                                      [16;1H~                                                                                                      [17;1H~                                                                                                      [18;1H~                                                                                                      [19;1H~                                                                                                      [20;1H~                                                                                                      [21;1H~                                                                                                      [22;1H~                                                                                                      [23;1H~                                                                                                      [24;1H~                                                                                                      [25;1H~                                                                                                      [26;1H~                                                                                                      [27;1H~                                                                                                      [28;1H~                                                                                                      [29;1H~                                                                                                      [30;1H~                                                                                                      [31;1H~                                                                                                      [32;1H~                                                                                                      [33;1H~                                                                                                      [34;1H~                                                                                                      [35;1H~                                                                                                      [36;1H~                                                                                                      [37;1H~                                                                                                      [38;1H~                                                                                                      [39;1H~                                                                                                      [40;1H~                                                                                                      [41;1H~                                                                                                      [42;1H~                                                                                                      [43;1H~                                                                                                      [m[44;86H0,0-1[9CAll[1;1H[?25h[?12$p[?25l[44;76Hi[1;1H[44;76H [1;1H[44;1H[1m-- INSERT --[m[44;13H[K[44;86H0,1[11CAll[1;1H[?25h[?25li[44;86H1,2[1;2H[?25h[?25l[1;1H[K[44;88H1[1;1H[?25h[?25l[34m#!/usr/bin/env python3[m[2;1H[K[3;1H[35mimport[m sqlite3[3;15H[K[4;1Hconn = sqlite3.con[4;19H[K[4;19H[?25h[?25lnect([31m'test.db'[m)
[36mprint[m([31m"Opened database successfully"[m)[5;38H[K[6;1Hconn.[38;5;130mexec[m[6;10H[K[6;10H[?25h[?25lexecute([31m'''CREATE TABLE COMPANY
 (ID INT PRIMARY KEY     NOT NULL,[m[7;35H[K[8;1H[K[8;1H[?25h[?25l[31m NAME           TEXT    NOT NULL,
 AGE            INT     NOT N[m[9;30H[K[9;30H[?25h[?25l[31mULL,
 ADDRESS        CHAR(50),[m[10;26H[K[11;1H[31m SALARY         REAL);'''[m)[11;27H[K[12;1H[36mprint[m[12;6H[K[12;6H[?25h[?25l([31m"Table created successfully"[m)
conn.close()[13;13H[K[14;1H[K[44;87H4,1[14;1H[?25h[?25l[15;1H[K[44;87H5[15;1H[?25h[44;1H[K[15;1H[?25l[44;76H^[[15;1H[44;76H  [15;1H[44;86H15,0-1[8CAll[15;1H[?25h[?25l[44;76H:[15;1H[44;76H[K[44;1H:[?2004h[?25hw[?25l[?25hq[?25l[?25h[?25l[?2004l"database02.py" [New] 15L, 355C written
[?2004l[?1l>[?25h[?1049l[23;0;0t]0;student@bchd: ~/mycode/sqldb[01;32mstudent@bchd[00m:[01;34m~/mycode/sqldb[00m$ python3 database02.py
Opened database successfully
Table created successfully
]0;student@bchd: ~/mycode/sqldb[01;32mstudent@bchd[00m:[01;34m~/mycode/sqldb[00m$ python3 database02.py
Opened database successfully
Traceback (most recent call last):
  File "database02.py", line 11, in <module>
    SALARY         REAL);''')
sqlite3.OperationalError: table COMPANY already exists
]0;student@bchd: ~/mycode/sqldb[01;32mstudent@bchd[00m:[01;34m~/mycode/sqldb[00m$ vim database02v2.py
[?2004h[?1049h[22;0;0t[?1h=[?2004h[1;44r[?12h[?12l[27m[23m[29m[m[H[2J[?25l[44;1H"database02v2.py" [New File][2;1H▽[6n[2;1H  [1;1H[>c[?12$p]10;?]11;?[2;1H[94m~                                                                                                      [3;1H~                                                                                                      [4;1H~                                                                                                      [5;1H~                                                                                                      [6;1H~                                                                                                      [7;1H~                                                                                                      [8;1H~                                                                                                      [9;1H~                                                                                                      [10;1H~                                                                                                      [11;1H~                                                                                                      [12;1H~                                                                                                      [13;1H~                                                                                                      [14;1H~                                                                                                      [15;1H~                                                                                                      [16;1H~                                                                                                      [17;1H~                                                                                                      [18;1H~                                                                                                      [19;1H~                                                                                                      [20;1H~                                                                                                      [21;1H~                                                                                                      [22;1H~                                                                                                      [23;1H~                                                                                                      [24;1H~                                                                                                      [25;1H~                                                                                                      [26;1H~                                                                                                      [27;1H~                                                                                                      [28;1H~                                                                                                      [29;1H~                                                                                                      [30;1H~                                                                                                      [31;1H~                                                                                                      [32;1H~                                                                                                      [33;1H~                                                                                                      [34;1H~                                                                                                      [35;1H~                                                                                                      [36;1H~                                                                                                      [37;1H~                                                                                                      [38;1H~                                                                                                      [39;1H~                                                                                                      [40;1H~                                                                                                      [41;1H~                                                                                                      [42;1H~                                                                                                      [43;1H~                                                                                                      [m[44;86H0,0-1[9CAll[1;1H[?25h[?25l[44;76Hi[1;1H[44;76H [1;1H[44;1H[1m-- INSERT --[m[44;13H[K[44;86H0,1[11CAll[1;1H[?25h[?25l[34m#!/usr/bin/env python3[m[2;1H[K[3;1H[35mimport[m sqlite3[3;15H[K[4;1Hconn = sqlite3.conn[4;20H[K[4;20H[?25h[?25lect([31m'test.db'[m)
[36mprint[m([31m"Opened database successfully"[m)[5;38H[K[6;1Hconn.execut[6;12H[K[6;12H[?25h[?25le([31m'''CREATE TABLE IF NOT EXISTS COMPANY
 (ID INT PRIMARY KEY   [m[7;24H[K[7;24H[?25h[?25l[31m  NOT NULL,
 NAME           TEXT    NOT NULL,[m[8;34H[K[9;1H[31m AGE            I[m[9;18H[K[9;18H[?25h[?25l[31mNT     NOT NULL,
 ADDRESS        CHAR(50),[m[10;26H[K[11;1H[31m SALARY         REAL[m[11;21H[K[11;21H[?25h[?25l[31m);'''[m)
[36mprint[m([31m"Table created successfully"[m)[12;36H[K[13;1Hconn.close()[13;13H[K[14;1H[K[44;86H14,1[14;1H[?25h[44;1H[K[14;1H[?25l[44;76H^[[14;1H[44;76H  [14;1H[44;86H14,0-1[8CAll[14;1H[?25h[?25l[44;76H:[14;1H[44;76H[K[44;1H:[?2004h[?25hw[?25l[?25hq[?25l[?25h[?25l[?2004l"database02v2.py" [New] 14L, 368C written
[?2004l[?1l>[?25h[?1049l[23;0;0t]0;student@bchd: ~/mycode/sqldb[01;32mstudent@bchd[00m:[01;34m~/mycode/sqldb[00m$ python3 database02v2.py
Opened database successfully
Table created successfully
]0;student@bchd: ~/mycode/sqldb[01;32mstudent@bchd[00m:[01;34m~/mycode/sqldb[00m$ python3 database02v2.py
Opened database successfully
Table created successfully
]0;student@bchd: ~/mycode/sqldb[01;32mstudent@bchd[00m:[01;34m~/mycode/sqldb[00m$ vim database03.py
[?2004h[?1049h[22;0;0t[?1h=[?2004h[1;44r[?12h[?12l[27m[23m[29m[m[H[2J[?25l[44;1H"database03.py" [New File][2;1H▽[6n[2;1H  [1;1H[>c]10;?]11;?[2;1H[94m~                                                                                                      [3;1H~                                                                                                      [4;1H~                                                                                                      [5;1H~                                                                                                      [6;1H~                                                                                                      [7;1H~                                                                                                      [8;1H~                                                                                                      [9;1H~                                                                                                      [10;1H~                                                                                                      [11;1H~                                                                                                      [12;1H~                                                                                                      [13;1H~                                                                                                      [14;1H~                                                                                                      [15;1H~                                                                                                      [16;1H~                                                                                                      [17;1H~                                                                                                      [18;1H~                                                                                                      [19;1H~                                                                                                      [20;1H~                                                                                                      [21;1H~                                                                                                      [22;1H~                                                                                                      [23;1H~                                                                                                      [24;1H~                                                                                                      [25;1H~                                                                                                      [26;1H~                                                                                                      [27;1H~                                                                                                      [28;1H~                                                                                                      [29;1H~                                                                                                      [30;1H~                                                                                                      [31;1H~                                                                                                      [32;1H~                                                                                                      [33;1H~                                                                                                      [34;1H~                                                                                                      [35;1H~                                                                                                      [36;1H~                                                                                                      [37;1H~                                                                                                      [38;1H~                                                                                                      [39;1H~                                                                                                      [40;1H~                                                                                                      [41;1H~                                                                                                      [42;1H~                                                                                                      [43;1H~                                                                                                      [m[44;86H0,0-1[9CAll[1;1H[?25h[?12$p[?25l[44;76Hi[1;1H[44;76H [1;1H[44;1H[1m-- INSERT --[m[44;13H[K[44;86H0,1[11CAll[1;1H[?25h[?25l[34m#!/usr/bin/env python3[m[2;1H[K[3;1H[35mimport[m sqlite3[3;15H[K[4;1Hconn = sqlite3.conn[4;20H[K[4;20H[?25h[?25lect([31m'test.db'[m)
[36mprint[m([31m"Opened database successfully"[m)[5;38H[K[6;1H[K[7;1Hconn.execu[7;11H[K[7;11H[?25h[?25lte([31m"INSERT INTO COMPANY (ID,NAME,AGE,ADDRESS,SALARY) VALUES (1,[?25h[?25l 'Paul', 32, 'California', 2000[8;1H00.00 )"[m)[8;10H[K[9;1H[K[10;1Hconn.execute([31m"INSERT I[m[10;23H[K[10;23H[?25h[?25l[31mNTO COMPANY (ID,NAME,AGE,ADDRESS,SALARY) VALUES (2, 'Allen', 25[?25h[?25l, 'Texas', 15000.00[11;1H0 )"[m)[11;6H[K[12;1H[K[13;1Hconn.execute([31m"INSERT INTO COMPANY (ID,[m[13;39H[K[13;39H[?25h[?25l[31mNAME,AGE,ADDRESS,SALARY) VALUES (3, 'Teddy', 23, 'Norway', 2000[?25h[?25l0..[14;1H00 )"[m)[14;7H[K[15;1H[K[16;1Hconn.execute([31m"INSERT INTO COMPANY (ID,NAME,AGE,ADDRES[m[16;54H[K[16;54H[?25h[?25l[31mS,SALARY) VALUES (4, 'Mark', 25, 'Rich-Mond ', 6500[17;1H00.00 )"[m)[17;10H[K[18;1H[K[19;1Hco[19;3H[K[19;3H[?25h[?25lnn.commit()
[36mprint[m([31m"Records created successfully"[m)[20;38H[K[21;1Hconn.close()[21;13H[K[22;1H[K[22;1H[?25h[?25l[44;86H18,1[22;1H[?25h[44;1H[K[22;1H[?25l[44;76H^[[22;1H[44;76H  [22;1H[44;86H18,0-1[8CAll[22;1H[?25h[?25l[44;76H:[22;1H[44;76H[K[44;1H:[?2004h[?25hw[?25l[?25hq[?25l[?25h[?25l[?2004l"database03.py" [New] 18L, 627C written
[?2004l[?1l>[?25h[?1049l[23;0;0t]0;student@bchd: ~/mycode/sqldb[01;32mstudent@bchd[00m:[01;34m~/mycode/sqldb[00m$ python3 database03.py
Opened database successfully
Records created successfully
]0;student@bchd: ~/mycode/sqldb[01;32mstudent@bchd[00m:[01;34m~/mycode/sqldb[00m$ vim database04.py
[?2004h[?1049h[22;0;0t[?1h=[?2004h[1;44r[?12h[?12l[27m[23m[29m[m[H[2J[?25l[44;1H"database04.py" [New File][2;1H▽[6n[2;1H  [1;1H[>c]10;?]11;?[2;1H[94m~                                                                                                      [3;1H~                                                                                                      [4;1H~                                                                                                      [5;1H~                                                                                                      [6;1H~                                                                                                      [7;1H~                                                                                                      [8;1H~                                                                                                      [9;1H~                                                                                                      [10;1H~                                                                                                      [11;1H~                                                                                                      [12;1H~                                                                                                      [13;1H~                                                                                                      [14;1H~                                                                                                      [15;1H~                                                                                                      [16;1H~                                                                                                      [17;1H~                                                                                                      [18;1H~                                                                                                      [19;1H~                                                                                                      [20;1H~                                                                                                      [21;1H~                                                                                                      [22;1H~                                                                                                      [23;1H~                                                                                                      [24;1H~                                                                                                      [25;1H~                                                                                                      [26;1H~                                                                                                      [27;1H~                                                                                                      [28;1H~                                                                                                      [29;1H~                                                                                                      [30;1H~                                                                                                      [31;1H~                                                                                                      [32;1H~                                                                                                      [33;1H~                                                                                                      [34;1H~                                                                                                      [35;1H~                                                                                                      [36;1H~                                                                                                      [37;1H~                                                                                                      [38;1H~                                                                                                      [39;1H~                                                                                                      [40;1H~                                                                                                      [41;1H~                                                                                                      [42;1H~                                                                                                      [43;1H~                                                                                                      [m[44;86H0,0-1[9CAll[1;1H[?25h[?12$p[?25l[44;76Hi[1;1H[44;76H [1;1H[44;1H[1m-- INSERT --[m[44;13H[K[44;86H0,1[11CAll[1;1H[?25h[?25l[34m#!/usr/bin/env python3[m[2;1H[K[3;1H[35mimport[m sqlite3[3;15H[K[4;1Hconn = sqlite3.conn[4;20H[K[4;20H[?25h[?25lect([31m'test.db'[m)
[36mprint[m([31m"Opened database successfully"[m)[5;38H[K[6;1Hcursor = co[6;12H[K[6;12H[?25h[?25lnn.execute([31m"SELECT id, name, address, salary from COMPANY"[m)
[38;5;130mfor[m[7;4H[K[7;4H[?25h[?25l row [38;5;130min[m cursor:
    [36mprint[m([31m"ID = "[m, row[[31m0[m])[8;27H[K[9;1H    [36mprint[m([31m"NAME = "[m,[9;21H[K[9;21H[?25h[?25l row[[31m1[m])
    [36mprint[m([31m"ADDRESS = "[m, row[[31m2[m])[10;32H[K[11;1H    [36mprint[m([31m"SALARY = "[m,[11;23H[K[11;23H[?25h[?25l row[[31m3[m], [31m"[m[35m\n[m[31m"[m)[12;1H[K[13;1H[36mprint[m([31m"Operation done successfully"[m)[13;37H[K[14;1Hconn.close[14;11H[K[14;11H[?25h[?25l()[15;1H[K[44;86H15,1[15;1H[?25h[44;1H[K[15;1H[?25l[44;76H^[[15;1H[44;76H  [15;1H[44;86H15,0-1[8CAll[15;1H[?25h[?25l[44;76H:[15;1H[44;76H[K[44;1H:[?2004h[?25hw[?25l[?25hq[?25l[?25h[?25l[?2004l"database04.py" [New] 15L, 378C written
[?2004l[?1l>[?25h[?1049l[23;0;0t]0;student@bchd: ~/mycode/sqldb[01;32mstudent@bchd[00m:[01;34m~/mycode/sqldb[00m$ python3 database04.py
Opened database successfully
ID =  1
NAME =  Paul
ADDRESS =  California
SALARY =  20000.0 

ID =  2
NAME =  Allen
ADDRESS =  Texas
SALARY =  15000.0 

ID =  3
NAME =  Teddy
ADDRESS =  Norway
SALARY =  20000.0 

ID =  4
NAME =  Mark
ADDRESS =  Rich-Mond 
SALARY =  65000.0 

Operation done successfully
]0;student@bchd: ~/mycode/sqldb[01;32mstudent@bchd[00m:[01;34m~/mycode/sqldb[00m$ python3 database04.py[4Pvim[C[C[C[C[C[C[C[C[C[C[C[C[C[C
[?2004h[?1049h[22;0;0t[?1h=[?2004h[1;44r[?12h[?12l[27m[23m[29m[m[H[2J[?25l[44;1H"database04.py" 15L, 378C[2;1H▽[6n[2;1H  [1;1H[>c]10;?]11;?[1;1H[34m#!/usr/bin/env python3[m

[35mimport[m sqlite3
conn = sqlite3.connect([31m'test.db'[m)
[36mprint[m([31m"Opened database successfully"[m)
cursor = conn.execute([31m"SELECT id, name, address, salary from COMPANY"[m)
[38;5;130mfor[m row [38;5;130min[m cursor:
    [36mprint[m([31m"ID = "[m, row[[31m0[m])
    [36mprint[m([31m"NAME = "[m, row[[31m1[m])
    [36mprint[m([31m"ADDRESS = "[m, row[[31m2[m])
    [36mprint[m([31m"SALARY = "[m, row[[31m3[m], [31m"[m[35m\n[m[31m"[m)

[36mprint[m([31m"Operation done successfully"[m)
conn.close()

[94m~                                                                                                      [17;1H~                                                                                                      [18;1H~                                                                                                      [19;1H~                                                                                                      [20;1H~                                                                                                      [21;1H~                                                                                                      [22;1H~                                                                                                      [23;1H~                                                                                                      [24;1H~                                                                                                      [25;1H~                                                                                                      [26;1H~                                                                                                      [27;1H~                                                                                                      [28;1H~                                                                                                      [29;1H~                                                                                                      [30;1H~                                                                                                      [31;1H~                                                                                                      [32;1H~                                                                                                      [33;1H~                                                                                                      [34;1H~                                                                                                      [35;1H~                                                                                                      [36;1H~                                                                                                      [37;1H~                                                                                                      [38;1H~                                                                                                      [39;1H~                                                                                                      [40;1H~                                                                                                      [41;1H~                                                                                                      [42;1H~                                                                                                      [43;1H~                                                                                                      [m[44;86H15,0-1[8CAll[15;1H[?25h[?12$p[?25l[44;76H~@k[15;1H[44;76H   [14;1H[44;87H4,1  [14;1H[?25h[?25l[44;76H~@k[14;1H[44;76H   [13;1H[44;87H3[13;1H[?25h[?25l[44;76H~@k[13;1H[44;76H   [12;1H[44;87H2,0-1[12;1H[?25h[?25l[44;76H~@k[12;1H[44;76H   [11;1H[44;87H1,1  [11;1H[?25h[?25l[44;76H~@k[11;1H[44;76H   [10;1H[44;87H0[10;1H[?25h[?25l[44;76H~@k[10;1H[44;76H   [9;1H[44;86H9,1 [9;1H[?25h[?25l[44;76H~@k[9;1H[44;76H   [8;1H[44;86H8[8;1H[?25h[?25l[44;76H~@k[8;1H[44;76H   [7;1H[44;86H7[7;1H[?25h[?25l[44;76Hi[7;1H[44;76H [7;1H[44;1H[1m-- INSERT --[m[44;13H[K[44;86H7,1[11CAll[7;1H[?25h[?25l[8;43r[8;1H[L[1;44r[7;1H[K[8;1H[38;5;130mfor[m row [38;5;130min[m cursor:[44;86H[K[44;86H8,1[11CAll[8;1H[?25h[?25l[44;86H7[7;1H[?25h[?25lp[44;88H2[7;2H[?25h[?25lr[44;88H3[7;3H[?25h[?25li[44;88H4[7;4H[?25h[?25ln[44;88H5[7;5H[?25h[?25l[36mprint[m[44;88H6[7;6H[?25h[?25l([44;88H7[7;7H[?25h[?25l)[106m()[m[44;88H8[7;8H[?25h[?25l[44;88H7[7;7H[?25h[?25l[106mc[m)c[106m)[m[44;88H8[7;8H[?25h[?25l[106mu[m)u[106m)[m[44;88H9[7;9H[?25h[?25l[106mr[m)r[106m)[m[44;88H10[7;10H[?25h[?25l[106ms[m)s[106m)[m[44;89H1[7;11H[?25h[?25l[106mo[m)o[106m)[m[44;89H2[7;12H[?25h[?25l[106mr[m)r[106m)[m[44;89H3[7;13H[?25h[44;1H[K[7;12H[?25l[44;76H^[[7;12H[44;76H  [7;13H[7;6H(cursor)[44;86H7,12[10CAll[7;12H[?25h[?25l[44;76H:[7;12H[44;76H[K[44;1H:[?2004h[?25hw[?25l[?25hq[?25l[?25h[?25l[?2004l"database04.py" 16L, 392C written
[?2004l[?1l>[?25h[?1049l[23;0;0t]0;student@bchd: ~/mycode/sqldb[01;32mstudent@bchd[00m:[01;34m~/mycode/sqldb[00m$ vim database04.py[4@python3[C[C[C[C[C[C[C[C[C[C[C[C[C[C
Opened database successfully
<sqlite3.Cursor object at 0x7f7cad9352d0>
ID =  1
NAME =  Paul
ADDRESS =  California
SALARY =  20000.0 

ID =  2
NAME =  Allen
ADDRESS =  Texas
SALARY =  15000.0 

ID =  3
NAME =  Teddy
ADDRESS =  Norway
SALARY =  20000.0 

ID =  4
NAME =  Mark
ADDRESS =  Rich-Mond 
SALARY =  65000.0 

Operation done successfully
]0;student@bchd: ~/mycode/sqldb[01;32mstudent@bchd[00m:[01;34m~/mycode/sqldb[00m$ python3 database04.py[4Pvim[C[C[C[C[C[C[C[C[C[C[C[C[C[C
[?2004h[?1049h[22;0;0t[?1h=[?2004h[1;44r[?12h[?12l[27m[23m[29m[m[H[2J[?25l[44;1H"database04.py" 16L, 392C[2;1H▽[6n[2;1H  [1;1H[>c]10;?]11;?[1;1H[34m#!/usr/bin/env python3[m

[35mimport[m sqlite3
conn = sqlite3.connect([31m'test.db'[m)
[36mprint[m([31m"Opened database successfully"[m)
cursor = conn.execute([31m"SELECT id, name, address, salary from COMPANY"[m)
[36mprint[m(cursor)
[38;5;130mfor[m row [38;5;130min[m cursor:
    [36mprint[m([31m"ID = "[m, row[[31m0[m])
    [36mprint[m([31m"NAME = "[m, row[[31m1[m])
    [36mprint[m([31m"ADDRESS = "[m, row[[31m2[m])
    [36mprint[m([31m"SALARY = "[m, row[[31m3[m], [31m"[m[35m\n[m[31m"[m)

[36mprint[m([31m"Operation done successfully"[m)
conn.close()

[94m~                                                                                                      [18;1H~                                                                                                      [19;1H~                                                                                                      [20;1H~                                                                                                      [21;1H~                                                                                                      [22;1H~                                                                                                      [23;1H~                                                                                                      [24;1H~                                                                                                      [25;1H~                                                                                                      [26;1H~                                                                                                      [27;1H~                                                                                                      [28;1H~                                                                                                      [29;1H~                                                                                                      [30;1H~                                                                                                      [31;1H~                                                                                                      [32;1H~                                                                                                      [33;1H~                                                                                                      [34;1H~                                                                                                      [35;1H~                                                                                                      [36;1H~                                                                                                      [37;1H~                                                                                                      [38;1H~                                                                                                      [39;1H~                                                                                                      [40;1H~                                                                                                      [41;1H~                                                                                                      [42;1H~                                                                                                      [43;1H~                                                                                                      [m[44;86H7,12[10CAll[7;12H[?25h[?12$p[?25l[44;76H~@k[7;12H[44;76H   [7;13H[7;6H[106m([mcursor[106m)[m[44;89H3[7;13H[?25h[?25l[44;76H~@k[7;13H[44;76H   [7;13H[?25h[?25l[44;76H~@k[7;13H[44;76H   [7;12H(cursor)[44;89H2[7;12H[?25h[?25l[44;76H~@k[7;12H[44;76H   [7;11H[44;89H1[7;11H[?25h[?25l[44;76H~@k[7;11H[44;76H   [7;10H[44;89H0[7;10H[?25h[?25l[44;76H~@k[7;10H[44;76H   [7;9H[44;88H9 [7;9H[?25h[?25l[44;76H~@k[7;9H[44;76H   [7;8H[44;88H8[7;8H[?25h[?25l[44;76H~@k[7;8H[44;76H   [7;7H[44;88H7[7;7H[?25h[?25l[44;76H~@k[7;7H[44;76H   [7;6H[106m([mcursor[106m)[m[44;88H6[7;6H[?25h[?25l[44;76H~@k[7;6H[44;76H   [7;5H[1C(cursor)[44;88H5[7;5H[?25h[?25l[44;76H~@k[7;5H[44;76H   [7;4H[44;88H4[7;4H[?25h[?25l[44;76H~@k[7;4H[44;76H   [7;3H[44;88H3[7;3H[?25h[?25l[44;76H~@k[7;3H[44;76H   [7;2H[44;88H2[7;2H[?25h[?25l[44;76H~@k[7;2H[44;76H   [7;1H[44;88H1[7;1H[?25h[?25l[44;76H~@k[7;1H[44;76H   [7;1H[?25h[?25l[44;76Hd[7;1H[?25h[?25l[44;77Hd[7;1H[44;76H  [7;1H[7;43r[43;1H
[1;44r[43;1H[94m~                                                                                                      [m[44;1H[K[44;86H7,1[11CAll[7;1H[?25h[?25l[44;76H~@k[7;1H[44;76H   [8;1H[44;86H8[8;1H[?25h[?25l[44;76Hi[8;1H[44;76H [8;1H[44;1H[1m-- INSERT --[m[44;86H[K[44;86H8,1[11CAll[8;1H[?25h[?25l[9;43r[9;1H[L[1;44r[8;5H[K[9;5H[36mprint[m([31m"ID = "[m, row[[31m0[m])[44;86H[K[44;86H9,5[11CAll[9;5H[?25h[?25l[44;86H8,1[8;1H[?25h[?25l[44;86H7,5[7;5H[?25h[?25l[44;86H8,1[8;1H[?25h[?25l[44;88H5[8;5H[?25h[?25lp[44;88H6[8;6H[?25h[?25lr[44;88H7[8;7H[?25h[?25li[44;88H8[8;8H[?25h[?25ln[44;88H9[8;9H[?25h[?25l[36mprint[m[44;88H10[8;10H[?25h[?25l([44;89H1[8;11H[?25h[?25l)[106m()[m[44;89H2[8;12H[?25h[?25l[44;89H1[8;11H[?25h[?25l[106mr[m)r[106m)[m[44;89H2[8;12H[?25h[?25l[106mo[m)o[106m)[m[44;89H3[8;13H[?25h[?25l[106mw[m)w[106m)[m[44;89H4[8;14H[?25h[44;1H[K[8;13H[?25l[44;76H^[[8;13H[44;76H  [8;14H(row)[44;86H8,13[10CAll[8;13H[?25h[?25l[44;76H:[8;13H[44;76H[K[44;1H:[?2004h[?25hw[?25l[?25hq[?25l[?25h[?25l[?2004l"database04.py" 16L, 393C written
[?2004l[?1l>[?25h[?1049l[23;0;0t]0;student@bchd: ~/mycode/sqldb[01;32mstudent@bchd[00m:[01;34m~/mycode/sqldb[00m$ vim database04.py[4@python3[C[C[C[C[C[C[C[C[C[C[C[C[C[C
Opened database successfully
(1, 'Paul', 'California', 20000.0)
ID =  1
NAME =  Paul
ADDRESS =  California
SALARY =  20000.0 

(2, 'Allen', 'Texas', 15000.0)
ID =  2
NAME =  Allen
ADDRESS =  Texas
SALARY =  15000.0 

(3, 'Teddy', 'Norway', 20000.0)
ID =  3
NAME =  Teddy
ADDRESS =  Norway
SALARY =  20000.0 

(4, 'Mark', 'Rich-Mond ', 65000.0)
ID =  4
NAME =  Mark
ADDRESS =  Rich-Mond 
SALARY =  65000.0 

Operation done successfully
]0;student@bchd: ~/mycode/sqldb[01;32mstudent@bchd[00m:[01;34m~/mycode/sqldb[00m$ ll
total 40
drwxr-xr-x  2 student student  4096 Sep  2 20:11 [0m[01;34m.[0m/
drwxr-xr-x 15 student student  4096 Sep  2 19:59 [01;34m..[0m/
-rw-r--r--  1 student student   108 Sep  2 20:01 database01.py
-rw-r--r--  1 student student   355 Sep  2 20:02 database02.py
-rw-r--r--  1 student student   368 Sep  2 20:04 database02v2.py
-rw-r--r--  1 student student   627 Sep  2 20:06 database03.py
-rw-r--r--  1 student student   393 Sep  2 20:11 database04.py
-rw-r--r--  1 student student 12288 Sep  2 20:06 test.db
]0;student@bchd: ~/mycode/sqldb[01;32mstudent@bchd[00m:[01;34m~/mycode/sqldb[00m$ vim database06.py
[?2004h[?1049h[22;0;0t[?1h=[?2004h[1;44r[?12h[?12l[27m[23m[29m[m[H[2J[?25l[44;1H"database06.py" [New File][2;1H▽[6n[2;1H  [1;1H[>c[?12$p]10;?]11;?[2;1H[94m~                                                                                                      [3;1H~                                                                                                      [4;1H~                                                                                                      [5;1H~                                                                                                      [6;1H~                                                                                                      [7;1H~                                                                                                      [8;1H~                                                                                                      [9;1H~                                                                                                      [10;1H~                                                                                                      [11;1H~                                                                                                      [12;1H~                                                                                                      [13;1H~                                                                                                      [14;1H~                                                                                                      [15;1H~                                                                                                      [16;1H~                                                                                                      [17;1H~                                                                                                      [18;1H~                                                                                                      [19;1H~                                                                                                      [20;1H~                                                                                                      [21;1H~                                                                                                      [22;1H~                                                                                                      [23;1H~                                                                                                      [24;1H~                                                                                                      [25;1H~                                                                                                      [26;1H~                                                                                                      [27;1H~                                                                                                      [28;1H~                                                                                                      [29;1H~                                                                                                      [30;1H~                                                                                                      [31;1H~                                                                                                      [32;1H~                                                                                                      [33;1H~                                                                                                      [34;1H~                                                                                                      [35;1H~                                                                                                      [36;1H~                                                                                                      [37;1H~                                                                                                      [38;1H~                                                                                                      [39;1H~                                                                                                      [40;1H~                                                                                                      [41;1H~                                                                                                      [42;1H~                                                                                                      [43;1H~                                                                                                      [m[44;86H0,0-1[9CAll[1;1H[?25h[?25l[44;76Hi[1;1H[44;76H [1;1H[44;1H[1m-- INSERT --[m[44;13H[K[44;86H0,1[11CAll[1;1H[?25h[?25l[34m#!/usr/bin/env python3[m[2;1H[K[3;1H[35mimport[m sqlite3[3;15H[K[4;1H[K[5;1Hconn = sqlite3.con[5;19H[K[5;19H[?25h[?25lnect([31m'test.db'[m)
[36mprint[m([31m"Opened database successfully"[m)[6;38H[K[7;1H[K[8;1Hconn.[38;5;130mexec[m[8;10H[K[8;10H[?25h[?25lexecute([31m"DELETE from COMPANY where ID = 2;"[m)
conn.commit()[9;14H[K[10;1H[36mprint[m([31m"T[m[10;9H[K[10;9H[?25h[?25l[31motal number of rows deleted :"[m, conn.total_changes)[11;1H[K[12;1Hcursor = c[12;11H[K[12;11H[?25h[?25lonn.execute([31m"SELECT id, name, address, salary from COMPANY"[m)
fo[13;3H[K[13;3H[?25h[?25l[38;5;130mfor[m row [38;5;130min[m cursor:
    [36mprint[m([31m"ID = "[m, row[[31m0[m])[14;27H[K[15;1H    [36mprint[m([31m"NAME = "[m[15;20H[K[15;20H[?25h[?25l, row[[31m1[m])
    [36mprint[m([31m"ADDRESS = "[m, row[[31m2[m])[16;32H[K[17;1H    [36mprint[m([31m"SALARY = "[m[17;22H[K[17;22H[?25h[?25l, row[[31m3[m], [31m"[m[35m\n[m[31m"[m)[18;1H[K[19;1H[36mprint[m([31m"Operation done successfully"[m)[19;37H[K[20;1Hconn.clos[20;10H[K[20;10H[?25h[?25le()[21;1H[K[44;86H21,1[21;1H[?25h[44;1H[K[21;1H[?25l[44;76H^[[21;1H[44;76H  [21;1H[44;86H21,0-1[8CAll[21;1H[?25h[?25l[44;76H:[21;1H[44;76H[K[44;1H:[?2004h[?25hw[?25l[?25hq[?25l[?25h[?25l[?2004l"database06.py" [New] 21L, 505C written
[?2004l[?1l>[?25h[?1049l[23;0;0t]0;student@bchd: ~/myco